// Vitest Snapshot v1, https://vitest.dev/guide/snapshot.html

exports[`<ProgramView /> > Should match the snapshot 1`] = `<div />`;
